[
  {
    "id": 3,
    "title": "Item-3"
  },
  {
    "id": 4,
    "title": "Item-4"
  }
]