[
  {
    "id": 9,
    "title": "Item-9"
  },
  {
    "id": 10,
    "title": "Item-10"
  }
]